2022/07/04 16:41:10 status code of http://www.baidu.com : 200 OK
2022/07/04 16:41:44 status code of http://www.sina.com : 200 OK
